<?xml version="1.0" encoding="UTF-8" ?>
<testsuites name="vitest tests" tests="2" failures="0" errors="0" time="0.071787917">
    <testsuite name="test/app.test.ts" timestamp="2026-05-19T02:25:23.167Z" hostname="jhaoenMac-mini.local" tests="2" failures="0" errors="0" skipped="0" time="0.071787917">
        <testcase classname="test/app.test.ts" name="Fastify app &gt; GET /health returns ok status" time="0.070249959">
        </testcase>
        <testcase classname="test/app.test.ts" name="Fastify app &gt; GET / returns app message and version" time="0.000939459">
        </testcase>
    </testsuite>
</testsuites>
